[    0.000000] Linux version 4.15.0-76-generic (buildd@lcy01-amd64-029) (gcc version 7.4.0 (Ubuntu 7.4.0-1ubuntu1~18.04.1)) #86-Ubuntu SMP Fri Jan 17 17:24:28 UTC 2020 (Ubuntu 4.15.0-76.86-generic 4.15.18)
[    0.000000] Command line: BOOT_IMAGE=/boot/vmlinuz-4.15.0-76-generic root=LABEL=cloudimg-rootfs ro console=tty1 console=ttyS0
[    0.000000] KERNEL supported cpus:
[    0.000000]   Intel GenuineIntel
[    0.000000]   AMD AuthenticAMD
[    0.000000]   Centaur CentaurHauls
[    0.000000] x86/fpu: Supporting XSAVE feature 0x001: 'x87 floating point registers'
[    0.000000] x86/fpu: Supporting XSAVE feature 0x002: 'SSE registers'
[    0.000000] x86/fpu: Supporting XSAVE feature 0x004: 'AVX registers'
[    0.000000] x86/fpu: xstate_offset[2]:  576, xstate_sizes[2]:  256
[    0.000000] x86/fpu: Enabled xstate features 0x7, context size is 832 bytes, using 'standard' format.
[    0.000000] e820: BIOS-provided physical RAM map:
[    0.000000] BIOS-e820: [mem 0x0000000000000000-0x000000000009fbff] usable
[    0.000000] BIOS-e820: [mem 0x000000000009fc00-0x000000000009ffff] reserved
[    0.000000] BIOS-e820: [mem 0x00000000000f0000-0x00000000000fffff] reserved
[    0.000000] BIOS-e820: [mem 0x0000000000100000-0x00000000dffeffff] usable
[    0.000000] BIOS-e820: [mem 0x00000000dfff0000-0x00000000dfffffff] ACPI data
[    0.000000] BIOS-e820: [mem 0x00000000fec00000-0x00000000fec00fff] reserved
[    0.000000] BIOS-e820: [mem 0x00000000fee00000-0x00000000fee00fff] reserved
[    0.000000] BIOS-e820: [mem 0x00000000fffc0000-0x00000000ffffffff] reserved
[    0.000000] BIOS-e820: [mem 0x0000000100000000-0x000000041fffffff] usable
[    0.000000] NX (Execute Disable) protection: active
[    0.000000] SMBIOS 2.5 present.
[    0.000000] DMI: innotek GmbH VirtualBox/VirtualBox, BIOS VirtualBox 12/01/2006
[    0.000000] Hypervisor detected: KVM
[    0.000000] e820: last_pfn = 0x420000 max_arch_pfn = 0x400000000
[    0.000000] MTRR: Disabled
[    0.000000] x86/PAT: MTRRs disabled, skipping PAT initialization too.
[    0.000000] CPU MTRRs all blank - virtualized system.
[    0.000000] x86/PAT: Configuration [0-7]: WB  WT  UC- UC  WB  WT  UC- UC  
[    0.000000] e820: last_pfn = 0xdfff0 max_arch_pfn = 0x400000000
[    0.000000] found SMP MP-table at [mem 0x0009fff0-0x0009ffff]
[    0.000000] Scanning 1 areas for low memory corruption
[    0.000000] RAMDISK: [mem 0x35a6f000-0x36d2efff]
[    0.000000] ACPI: Early table checksum verification disabled
[    0.000000] ACPI: RSDP 0x00000000000E0000 000024 (v02 VBOX  )
[    0.000000] ACPI: XSDT 0x00000000DFFF0030 00003C (v01 VBOX   VBOXXSDT 00000001 ASL  00000061)
[    0.000000] ACPI: FACP 0x00000000DFFF00F0 0000F4 (v04 VBOX   VBOXFACP 00000001 ASL  00000061)
[    0.000000] ACPI: DSDT 0x00000000DFFF0490 002325 (v02 VBOX   VBOXBIOS 00000002 INTL 20100528)
[    0.000000] ACPI: FACS 0x00000000DFFF0200 000040
[    0.000000] ACPI: FACS 0x00000000DFFF0200 000040
[    0.000000] ACPI: APIC 0x00000000DFFF0240 00007C (v02 VBOX   VBOXAPIC 00000001 ASL  00000061)
[    0.000000] ACPI: SSDT 0x00000000DFFF02C0 0001CC (v01 VBOX   VBOXCPUT 00000002 INTL 20100528)
[    0.000000] No NUMA configuration found
[    0.000000] Faking a node at [mem 0x0000000000000000-0x000000041fffffff]
[    0.000000] NODE_DATA(0) allocated [mem 0x41ffc9000-0x41fff3fff]
[    0.000000] kvm-clock: cpu 0, msr 4:1ff48001, primary cpu clock
[    0.000000] kvm-clock: Using msrs 4b564d01 and 4b564d00
[    0.000000] kvm-clock: using sched offset of 3566778907 cycles
[    0.000000] clocksource: kvm-clock: mask: 0xffffffffffffffff max_cycles: 0x1cd42e4dffb, max_idle_ns: 881590591483 ns
[    0.000000] Zone ranges:
[    0.000000]   DMA      [mem 0x0000000000001000-0x0000000000ffffff]
[    0.000000]   DMA32    [mem 0x0000000001000000-0x00000000ffffffff]
[    0.000000]   Normal   [mem 0x0000000100000000-0x000000041fffffff]
[    0.000000]   Device   empty
[    0.000000] Movable zone start for each node
[    0.000000] Early memory node ranges
[    0.000000]   node   0: [mem 0x0000000000001000-0x000000000009efff]
[    0.000000]   node   0: [mem 0x0000000000100000-0x00000000dffeffff]
[    0.000000]   node   0: [mem 0x0000000100000000-0x000000041fffffff]
[    0.000000] Reserved but unavailable: 98 pages
[    0.000000] Initmem setup node 0 [mem 0x0000000000001000-0x000000041fffffff]
[    0.000000] ACPI: PM-Timer IO Port: 0x4008
[    0.000000] IOAPIC[0]: apic_id 6, version 32, address 0xfec00000, GSI 0-23
[    0.000000] ACPI: INT_SRC_OVR (bus 0 bus_irq 0 global_irq 2 dfl dfl)
[    0.000000] ACPI: INT_SRC_OVR (bus 0 bus_irq 9 global_irq 9 low level)
[    0.000000] Using ACPI (MADT) for SMP configuration information
[    0.000000] smpboot: Allowing 6 CPUs, 0 hotplug CPUs
[    0.000000] PM: Registered nosave memory: [mem 0x00000000-0x00000fff]
[    0.000000] PM: Registered nosave memory: [mem 0x0009f000-0x0009ffff]
[    0.000000] PM: Registered nosave memory: [mem 0x000a0000-0x000effff]
[    0.000000] PM: Registered nosave memory: [mem 0x000f0000-0x000fffff]
[    0.000000] PM: Registered nosave memory: [mem 0xdfff0000-0xdfffffff]
[    0.000000] PM: Registered nosave memory: [mem 0xe0000000-0xfebfffff]
[    0.000000] PM: Registered nosave memory: [mem 0xfec00000-0xfec00fff]
[    0.000000] PM: Registered nosave memory: [mem 0xfec01000-0xfedfffff]
[    0.000000] PM: Registered nosave memory: [mem 0xfee00000-0xfee00fff]
[    0.000000] PM: Registered nosave memory: [mem 0xfee01000-0xfffbffff]
[    0.000000] PM: Registered nosave memory: [mem 0xfffc0000-0xffffffff]
[    0.000000] e820: [mem 0xe0000000-0xfebfffff] available for PCI devices
[    0.000000] Booting paravirtualized kernel on KVM
[    0.000000] clocksource: refined-jiffies: mask: 0xffffffff max_cycles: 0xffffffff, max_idle_ns: 7645519600211568 ns
[    0.000000] random: get_random_bytes called from start_kernel+0x99/0x4fd with crng_init=0
[    0.000000] setup_percpu: NR_CPUS:8192 nr_cpumask_bits:6 nr_cpu_ids:6 nr_node_ids:1
[    0.000000] percpu: Embedded 45 pages/cpu s147456 r8192 d28672 u262144
[    0.000000] PV qspinlock hash table entries: 256 (order: 0, 4096 bytes)
[    0.000000] Built 1 zonelists, mobility grouping on.  Total pages: 4128633
[    0.000000] Policy zone: Normal
[    0.000000] Kernel command line: BOOT_IMAGE=/boot/vmlinuz-4.15.0-76-generic root=LABEL=cloudimg-rootfs ro console=tty1 console=ttyS0
[    0.000000] Memory: 16399240K/16776760K available (12300K kernel code, 2481K rwdata, 4260K rodata, 2428K init, 2704K bss, 377520K reserved, 0K cma-reserved)
[    0.000000] SLUB: HWalign=64, Order=0-3, MinObjects=0, CPUs=6, Nodes=1
[    0.000000] Kernel/User page tables isolation: enabled
[    0.000000] ftrace: allocating 39322 entries in 154 pages
[    0.004000] Hierarchical RCU implementation.
[    0.004000] 	RCU restricting CPUs from NR_CPUS=8192 to nr_cpu_ids=6.
[    0.004000] 	Tasks RCU enabled.
[    0.004000] RCU: Adjusting geometry for rcu_fanout_leaf=16, nr_cpu_ids=6
[    0.004000] NR_IRQS: 524544, nr_irqs: 472, preallocated irqs: 16
[    0.004000] Console: colour VGA+ 80x25
[    0.004000] console [tty1] enabled
[    0.004000] console [ttyS0] enabled
[    0.004000] ACPI: Core revision 20170831
[    0.004000] ACPI: 2 ACPI AML tables successfully acquired and loaded
[    0.004000] APIC: Switch to symmetric I/O mode setup
[    0.004000] x2apic enabled
[    0.004000] Switched APIC routing to physical x2apic.
[    0.004000] ..TIMER: vector=0x30 apic1=0 pin1=2 apic2=-1 pin2=-1
[    0.004003] tsc: Detected 2592.002 MHz processor
[    0.004864] Calibrating delay loop (skipped) preset value.. 5184.00 BogoMIPS (lpj=10368008)
[    0.005451] pid_max: default: 32768 minimum: 301
[    0.008026] Security Framework initialized
[    0.008977] Yama: becoming mindful.
[    0.009654] AppArmor: AppArmor initialized
[    0.024182] Dentry cache hash table entries: 2097152 (order: 12, 16777216 bytes)
[    0.033937] Inode-cache hash table entries: 1048576 (order: 11, 8388608 bytes)
[    0.036032] Mount-cache hash table entries: 32768 (order: 6, 262144 bytes)
[    0.039367] Mountpoint-cache hash table entries: 32768 (order: 6, 262144 bytes)
[    0.040225] Last level iTLB entries: 4KB 64, 2MB 8, 4MB 8
[    0.041211] Last level dTLB entries: 4KB 64, 2MB 0, 4MB 0, 1GB 4
[    0.042236] Spectre V1 : Mitigation: usercopy/swapgs barriers and __user pointer sanitization
[    0.044001] Spectre V2 : Mitigation: Full generic retpoline
[    0.044960] Spectre V2 : Spectre v2 / SpectreRSB mitigation: Filling RSB on context switch
[    0.046453] Speculative Store Bypass: Vulnerable
[    0.048026] MDS: Mitigation: Clear CPU buffers
[    0.049020] Freeing SMP alternatives memory: 36K
[    0.160561] smpboot: CPU0: Intel(R) Core(TM) i7-9750H CPU @ 2.60GHz (family: 0x6, model: 0x9e, stepping: 0xa)
[    0.162429] Performance Events: unsupported p6 CPU model 158 no PMU driver, software events only.
[    0.164024] Hierarchical SRCU implementation.
[    0.165313] NMI watchdog: Perf event create on CPU 0 failed with -2
[    0.166471] NMI watchdog: Perf NMI watchdog permanently disabled
[    0.168000] smp: Bringing up secondary CPUs ...
[    0.168066] x86: Booting SMP configuration:
[    0.168961] .... node  #0, CPUs:      #1
[    0.004000] kvm-clock: cpu 1, msr 4:1ff48041, secondary cpu clock
[    0.172065]  #2
[    0.004000] kvm-clock: cpu 2, msr 4:1ff48081, secondary cpu clock
[    0.176062]  #3
[    0.004000] kvm-clock: cpu 3, msr 4:1ff480c1, secondary cpu clock
[    0.180058]  #4
[    0.004000] kvm-clock: cpu 4, msr 4:1ff48101, secondary cpu clock
[    0.184076]  #5
[    0.004000] kvm-clock: cpu 5, msr 4:1ff48141, secondary cpu clock
[    0.188014] smp: Brought up 1 node, 6 CPUs
[    0.188875] smpboot: Max logical packages: 1
[    0.189865] smpboot: Total of 6 processors activated (31104.02 BogoMIPS)
[    0.192005] devtmpfs: initialized
[    0.192807] x86/mm: Memory block size: 128MB
[    0.196251] evm: security.selinux
[    0.197016] evm: security.SMACK64
[    0.197660] evm: security.SMACK64EXEC
[    0.198384] evm: security.SMACK64TRANSMUTE
[    0.199176] evm: security.SMACK64MMAP
[    0.200002] evm: security.apparmor
[    0.200719] evm: security.ima
[    0.201314] evm: security.capability
[    0.202021] clocksource: jiffies: mask: 0xffffffff max_cycles: 0xffffffff, max_idle_ns: 7645041785100000 ns
[    0.204009] futex hash table entries: 2048 (order: 5, 131072 bytes)
[    0.205228] pinctrl core: initialized pinctrl subsystem
[    0.206323] RTC time: 11:39:45, date: 02/15/20
[    0.208452] NET: Registered protocol family 16
[    0.209482] audit: initializing netlink subsys (disabled)
[    0.210458] audit: type=2000 audit(1581766790.287:1): state=initialized audit_enabled=0 res=1
[    0.212004] cpuidle: using governor ladder
[    0.213131] cpuidle: using governor menu
[    0.214420] ACPI: bus type PCI registered
[    0.216002] acpiphp: ACPI Hot Plug PCI Controller Driver version: 0.5
[    0.217778] PCI: Using configuration type 1 for base access
[    0.221125] HugeTLB registered 2.00 MiB page size, pre-allocated 0 pages
[    0.221240] ACPI: Added _OSI(Module Device)
[    0.224006] ACPI: Added _OSI(Processor Device)
[    0.224908] ACPI: Added _OSI(3.0 _SCP Extensions)
[    0.225870] ACPI: Added _OSI(Processor Aggregator Device)
[    0.226852] ACPI: Added _OSI(Linux-Dell-Video)
[    0.228002] ACPI: Added _OSI(Linux-Lenovo-NV-HDMI-Audio)
[    0.229008] ACPI: Added _OSI(Linux-HPI-Hybrid-Graphics)
[    0.230432] ACPI: Executed 1 blocks of module-level executable AML code
[    0.234797] ACPI: Interpreter enabled
[    0.236011] ACPI: (supports S0 S5)
[    0.236694] ACPI: Using IOAPIC for interrupt routing
[    0.237902] PCI: Using host bridge windows from ACPI; if necessary, use "pci=nocrs" and report a bug
[    0.239797] ACPI: Enabled 2 GPEs in block 00 to 07
[    0.246916] ACPI: PCI Root Bridge [PCI0] (domain 0000 [bus 00-ff])
[    0.248005] acpi PNP0A03:00: _OSC: OS supports [ASPM ClockPM Segments MSI]
[    0.250174] acpi PNP0A03:00: _OSC: not requesting OS control; OS requires [ExtendedConfig ASPM ClockPM MSI]
[    0.252009] acpi PNP0A03:00: fail to add MMCONFIG information, can't access extended PCI configuration space under this bridge.
[    0.254723] PCI host bridge to bus 0000:00
[    0.256003] pci_bus 0000:00: root bus resource [io  0x0000-0x0cf7 window]
[    0.257892] pci_bus 0000:00: root bus resource [io  0x0d00-0xffff window]
[    0.260002] pci_bus 0000:00: root bus resource [mem 0x000a0000-0x000bffff window]
[    0.261539] pci_bus 0000:00: root bus resource [mem 0xe0000000-0xfdffffff window]
[    0.262922] pci_bus 0000:00: root bus resource [bus 00-ff]
[    0.265758] pci 0000:00:01.1: legacy IDE quirk: reg 0x10: [io  0x01f0-0x01f7]
[    0.267512] pci 0000:00:01.1: legacy IDE quirk: reg 0x14: [io  0x03f6]
[    0.268003] pci 0000:00:01.1: legacy IDE quirk: reg 0x18: [io  0x0170-0x0177]
[    0.269630] pci 0000:00:01.1: legacy IDE quirk: reg 0x1c: [io  0x0376]
[    0.393307] pci 0000:00:07.0: quirk: [io  0x4000-0x403f] claimed by PIIX4 ACPI
[    0.394694] pci 0000:00:07.0: quirk: [io  0x4100-0x410f] claimed by PIIX4 SMB
[    0.484767] ACPI: PCI Interrupt Link [LNKA] (IRQs 5 9 10 *11)
[    0.486257] ACPI: PCI Interrupt Link [LNKB] (IRQs 5 9 *10 11)
[    0.487514] ACPI: PCI Interrupt Link [LNKC] (IRQs 5 *9 10 11)
[    0.488120] ACPI: PCI Interrupt Link [LNKD] (IRQs 5 9 10 *11)
[    0.489664] SCSI subsystem initialized
[    0.490400] pci 0000:00:02.0: vgaarb: setting as boot VGA device
[    0.490400] pci 0000:00:02.0: vgaarb: VGA device added: decodes=io+mem,owns=io+mem,locks=none
[    0.492003] pci 0000:00:02.0: vgaarb: bridge control possible
[    0.496001] vgaarb: loaded
[    0.496800] ACPI: bus type USB registered
[    0.497610] usbcore: registered new interface driver usbfs
[    0.498647] usbcore: registered new interface driver hub
[    0.499648] usbcore: registered new device driver usb
[    0.500049] EDAC MC: Ver: 3.0.0
[    0.500937] PCI: Using ACPI for IRQ routing
[    0.504224] NetLabel: Initializing
[    0.504976] NetLabel:  domain hash size = 128
[    0.505938] NetLabel:  protocols = UNLABELED CIPSOv4 CALIPSO
[    0.506997] NetLabel:  unlabeled traffic allowed by default
[    0.508156] clocksource: Switched to clocksource kvm-clock
[    0.526061] VFS: Disk quotas dquot_6.6.0
[    0.526892] VFS: Dquot-cache hash table entries: 512 (order 0, 4096 bytes)
[    0.528270] AppArmor: AppArmor Filesystem Enabled
[    0.529193] pnp: PnP ACPI init
[    0.530803] pnp: PnP ACPI: found 3 devices
[    0.542087] clocksource: acpi_pm: mask: 0xffffff max_cycles: 0xffffff, max_idle_ns: 2085701024 ns
[    0.543849] NET: Registered protocol family 2
[    0.545779] TCP established hash table entries: 131072 (order: 8, 1048576 bytes)
[    0.550338] TCP bind hash table entries: 65536 (order: 8, 1048576 bytes)
[    0.552130] TCP: Hash tables configured (established 131072 bind 65536)
[    0.553584] UDP hash table entries: 8192 (order: 6, 262144 bytes)
[    0.554864] UDP-Lite hash table entries: 8192 (order: 6, 262144 bytes)
[    0.556445] NET: Registered protocol family 1
[    0.557337] pci 0000:00:00.0: Limiting direct PCI/PCI transfers
[    0.558429] pci 0000:00:01.0: Activating ISA DMA hang workarounds
[    0.561076] pci 0000:00:02.0: Video device with shadowed ROM at [mem 0x000c0000-0x000dffff]
[    0.563302] Unpacking initramfs...
[    0.828140] Freeing initrd memory: 19200K
[    0.829033] PCI-DMA: Using software bounce buffering for IO (SWIOTLB)
[    0.830325] software IO TLB: mapped [mem 0xdbff0000-0xdfff0000] (64MB)
[    0.831651] clocksource: tsc: mask: 0xffffffffffffffff max_cycles: 0x255cb8d7d74, max_idle_ns: 440795265546 ns
[    0.833843] platform rtc_cmos: registered platform RTC device (no PNP device found)
[    0.836348] Scanning for low memory corruption every 60 seconds
[    0.839279] Initialise system trusted keyrings
[    0.840210] Key type blacklist registered
[    0.841201] workingset: timestamp_bits=36 max_order=22 bucket_order=0
[    0.845180] zbud: loaded
[    0.847208] squashfs: version 4.0 (2009/01/31) Phillip Lougher
[    0.848730] fuse init (API version 7.26)
[    0.855536] Key type asymmetric registered
[    0.856488] Asymmetric key parser 'x509' registered
[    0.857520] Block layer SCSI generic (bsg) driver version 0.4 loaded (major 246)
[    0.859256] io scheduler noop registered
[    0.860080] io scheduler deadline registered
[    0.861012] io scheduler cfq registered (default)
[    0.862979] ACPI: AC Adapter [AC] (off-line)
[    0.864005] input: Power Button as /devices/LNXSYSTM:00/LNXPWRBN:00/input/input0
[    0.865566] ACPI: Power Button [PWRF]
[    0.866490] input: Sleep Button as /devices/LNXSYSTM:00/LNXSLPBN:00/input/input1
[    0.867800] ACPI: Sleep Button [SLPF]
[    0.869769] ACPI: Battery Slot [BAT0] (battery present)
[    0.870900] Serial: 8250/16550 driver, 32 ports, IRQ sharing enabled
[    0.892870] 00:02: ttyS0 at I/O 0x3f8 (irq = 4, base_baud = 115200) is a 16550A
[    0.898966] Linux agpgart interface v0.103
[    0.904960] loop: module loaded
[    0.906300] scsi host0: ata_piix
[    0.907320] scsi host1: ata_piix
[    0.907985] ata1: PATA max UDMA/33 cmd 0x1f0 ctl 0x3f6 bmdma 0xd000 irq 14
[    0.909361] ata2: PATA max UDMA/33 cmd 0x170 ctl 0x376 bmdma 0xd008 irq 15
[    0.910677] libphy: Fixed MDIO Bus: probed
[    0.911607] tun: Universal TUN/TAP device driver, 1.6
[    0.912888] PPP generic driver version 2.4.2
[    0.913855] ehci_hcd: USB 2.0 'Enhanced' Host Controller (EHCI) Driver
[    0.915113] ehci-pci: EHCI PCI platform driver
[    0.916099] ehci-platform: EHCI generic platform driver
[    0.917133] ohci_hcd: USB 1.1 'Open' Host Controller (OHCI) Driver
[    0.918513] ohci-pci: OHCI PCI platform driver
[    0.919795] ohci-platform: OHCI generic platform driver
[    0.920955] uhci_hcd: USB Universal Host Controller Interface driver
[    0.922206] i8042: PNP: PS/2 Controller [PNP0303:PS2K,PNP0f03:PS2M] at 0x60,0x64 irq 1,12
[    0.924362] serio: i8042 KBD port at 0x60,0x64 irq 1
[    0.925375] serio: i8042 AUX port at 0x60,0x64 irq 12
[    0.926900] mousedev: PS/2 mouse device common for all mice
[    0.929358] rtc_cmos rtc_cmos: rtc core: registered rtc_cmos as rtc0
[    0.930954] input: AT Translated Set 2 keyboard as /devices/platform/i8042/serio0/input/input2
[    0.932740] rtc_cmos rtc_cmos: alarms up to one day, 114 bytes nvram
[    0.933997] i2c /dev entries driver
[    0.934887] device-mapper: uevent: version 1.0.3
[    0.936128] device-mapper: ioctl: 4.37.0-ioctl (2017-09-20) initialised: dm-devel@redhat.com
[    0.938393] ledtrig-cpu: registered to indicate activity on CPUs
[    0.940303] NET: Registered protocol family 10
[    0.947469] Segment Routing with IPv6
[    0.948380] NET: Registered protocol family 17
[    0.949398] Key type dns_resolver registered
[    0.951147] mce: Using 0 MCE banks
[    0.952302] RAS: Correctable Errors collector initialized.
[    0.953631] sched_clock: Marking stable (953620409, 0)->(1445652070, -492031661)
[    0.957541] registered taskstats version 1
[    0.958451] Loading compiled-in X.509 certificates
[    0.962222] Loaded X.509 cert 'Build time autogenerated kernel key: 665cd2b89e03521f57c41865f552ebce30a0c7fb'
[    0.964180] zswap: loaded using pool lzo/zbud
[    0.969744] Key type big_key registered
[    0.970444] Key type trusted registered
[    0.972888] Key type encrypted registered
[    0.973705] AppArmor: AppArmor sha1 policy hashing enabled
[    0.974778] ima: No TPM chip found, activating TPM-bypass! (rc=-19)
[    0.976063] ima: Allocated hash algorithm: sha1
[    0.977007] evm: HMAC attrs: 0x1
[    0.977834]   Magic number: 8:400:681
[    0.978701] rtc_cmos rtc_cmos: setting system clock to 2020-02-15 11:39:46 UTC (1581766786)
[    0.980654] BIOS EDD facility v0.16 2004-Jun-25, 0 devices found
[    0.981716] EDD information not available.
[    1.096550] Freeing unused kernel image memory: 2428K
[    1.119897] Write protecting the kernel read-only data: 20480k
[    1.122363] Freeing unused kernel image memory: 2008K
[    1.124040] Freeing unused kernel image memory: 1884K
[    1.133176] x86/mm: Checked W+X mappings: passed, no W+X pages found.
[    1.134592] x86/mm: Checking user space page tables
[    1.143343] x86/mm: Checked W+X mappings: passed, no W+X pages found.
Loading, please wait...
starting version 237
[    1.216625] pcnet32: pcnet32.c:v1.35 21.Apr.2008 tsbogend@alpha.franken.de
[    1.218494] Fusion MPT base driver 3.04.20
[    1.218999] pcnet32: PCnet/PCI II 79C970A at 0xd020,
[    1.222133] Copyright (c) 1999-2008 LSI Corporation
[    1.222163]  02:b4:6b:8c:b8:1a assigned IRQ 19
[    1.226349] pcnet32: eth0: registered as PCnet/PCI II 79C970A
[    1.232868] pcnet32: PCnet/PCI II 79C970A at 0xd240, 08:00:27:e2:09:36 assigned IRQ 16
[    1.235287] pcnet32: eth1: registered as PCnet/PCI II 79C970A
[    1.236814] pcnet32: 2 cards_found
[    1.239643] AVX2 version of gcm_enc/dec engaged.
[    1.241308] AES CTR mode by8 optimization enabled
[    1.242941] Fusion MPT SPI Host driver 3.04.20
[    1.249062] mptbase: ioc0: Initiating bringup
[    1.252586] pcnet32 0000:00:03.0 enp0s3: renamed from eth0
[    1.268614] pcnet32 0000:00:08.0 enp0s8: renamed from eth1
[    1.349730] ioc0: LSI53C1030 A0: Capabilities={Initiator}
[    1.463154] input: ImExPS/2 Generic Explorer Mouse as /devices/platform/i8042/serio1/input/input4
[    3.375820] scsi host2: ioc0: LSI53C1030 A0, FwRev=00000000h, Ports=1, MaxQ=256, IRQ=20
[    4.365955] scsi 2:0:0:0: Direct-Access     VBOX     HARDDISK         1.0  PQ: 0 ANSI: 5
[    5.306296] scsi target2:0:0: Beginning Domain Validation
[    5.314073] scsi target2:0:0: Domain Validation skipping write tests
[    5.315243] scsi target2:0:0: Ending Domain Validation
[    5.316311] scsi target2:0:0: asynchronous
[    5.317893] scsi 2:0:1:0: Direct-Access     VBOX     HARDDISK         1.0  PQ: 0 ANSI: 5
[    6.366300] scsi target2:0:1: Beginning Domain Validation
[    6.373852] scsi target2:0:1: Domain Validation skipping write tests
[    6.374906] scsi target2:0:1: Ending Domain Validation
[    6.376040] scsi target2:0:1: asynchronous
[    6.382326] sd 2:0:0:0: Attached scsi generic sg0 type 0
[    6.383713] sd 2:0:0:0: [sda] 20971520 512-byte logical blocks: (10.7 GB/10.0 GiB)
[    6.383929] sd 2:0:1:0: Attached scsi generic sg1 type 0
[    6.386661] sd 2:0:0:0: [sda] Write Protect is off
[    6.388132] sd 2:0:1:0: [sdb] 20480 512-byte logical blocks: (10.5 MB/10.0 MiB)
[    6.389599] sd 2:0:0:0: [sda] Incomplete mode parameter data
[    6.390692] sd 2:0:0:0: [sda] Assuming drive cache: write through
[    6.391885] sd 2:0:1:0: [sdb] Write Protect is off
[    6.393419] sd 2:0:1:0: [sdb] Incomplete mode parameter data
[    6.395465] sd 2:0:1:0: [sdb] Assuming drive cache: write through
[    6.398653] random: fast init done
[    6.399566]  sda: sda1
[    6.400908] random: systemd-udevd: uninitialized urandom read (16 bytes read)
[    6.401739] sd 2:0:0:0: [sda] Attached SCSI disk
[    6.403387] random: systemd-udevd: uninitialized urandom read (16 bytes read)
[    6.403422] random: systemd-udevd: uninitialized urandom read (16 bytes read)
[    6.405688] sd 2:0:1:0: [sdb] Attached SCSI disk
Begin: Loading essential drivers ... [    8.468382] raid6: sse2x1   gen() 13328 MB/s
[    8.516804] raid6: sse2x1   xor()  9660 MB/s
[    8.564669] raid6: sse2x2   gen() 16212 MB/s
[    8.612670] raid6: sse2x2   xor() 11359 MB/s
[    8.660310] raid6: sse2x4   gen() 18626 MB/s
[    8.708256] raid6: sse2x4   xor() 11412 MB/s
[    8.756016] raid6: avx2x1   gen() 21988 MB/s
[    8.805071] raid6: avx2x1   xor() 18710 MB/s
[    8.852634] raid6: avx2x2   gen() 31233 MB/s
[    8.900453] raid6: avx2x2   xor() 19630 MB/s
[    8.948272] raid6: avx2x4   gen() 36603 MB/s
[    8.996187] raid6: avx2x4   xor() 22265 MB/s
[    8.997055] raid6: using algorithm avx2x4 gen() 36603 MB/s
[    8.998103] raid6: .... xor() 22265 MB/s, rmw enabled
[    8.999050] raid6: using avx2x2 recovery algorithm
[    9.002659] xor: automatically using best checksumming function   avx       
[    9.005561] async_tx: api initialized (async)
done.
Begin: Running /scripts/init-premount ... done.
Begin: Mounting root file system ... Begin: Running /scripts/local-top ... done.
Begin: Running /scripts/local-premount ... [    9.049434] Btrfs loaded, crc32c=crc32c-intel
Scanning for Btrfs filesystems
done.
Warning: fsck not present, so skipping root file system
[    9.081467] EXT4-fs (sda1): mounted filesystem with ordered data mode. Opts: (null)
done.
Begin: Running /scripts/local-bottom ... done.
Begin: Running /scripts/init-bottom ... done.
[    9.988367] ip_tables: (C) 2000-2006 Netfilter Core Team
[   10.001102] systemd[1]: systemd 237 running in system mode. (+PAM +AUDIT +SELINUX +IMA +APPARMOR +SMACK +SYSVINIT +UTMP +LIBCRYPTSETUP +GCRYPT +GNUTLS +ACL +XZ +LZ4 +SECCOMP +BLKID +ELFUTILS +KMOD -IDN2 +IDN -PCRE2 default-hierarchy=hybrid)
[   10.005179] systemd[1]: Detected virtualization oracle.
[   10.006067] systemd[1]: Detected architecture x86-64.

Welcome to [1mUbuntu 18.04.4 LTS[0m!

[   10.026915] systemd[1]: Set hostname to <ubuntu>.
[   10.032182] systemd[1]: Initializing machine ID from random generator.
[   10.033461] systemd[1]: Installed transient /etc/machine-id file.
[   10.533852] systemd[1]: Created slice User and Session Slice.
[[0;32m  OK  [0m] Created slice User and Session Slice.
[   10.535416] systemd[1]: Reached target User and Group Name Lookups.
[[0;32m  OK  [0m] Reached target User and Group Name Lookups.
[   10.537162] systemd[1]: Started Forward Password Requests to Wall Directory Watch.
[[0;32m  OK  [0m] Started Forward Password Requests to Wall Directory Watch.
[   10.539209] systemd[1]: Reached target Swap.
[[0;32m  OK  [0m] Reached target Swap.
[[0;32m  OK  [0m] Created slice System Slice.
[[0;32m  OK  [0m] Listening on LVM2 metadata daemon socket.
[[0;32m  OK  [0m] Listening on Device-mapper event daemon FIFOs.
[[0;32m  OK  [0m] Listening on LVM2 poll daemon socket.
[[0;32m  OK  [0m] Listening on Network Service Netlink Socket.
[[0;32m  OK  [0m] Listening on Journal Socket.
         Starting Uncomplicated firewall...
         Mounting POSIX Message Queue File System...
         Mounting Kernel Debug File System...
         Starting Load Kernel Modules...
[[0;32m  OK  [0m] Reached target System Time Synchronized.
[[0;32m  OK  [0m] Listening on /dev/initctl Compatibility Named Pipe.
[[0;32m  OK  [0m] Listening on Journal Audit Socket.
[[0;32m  OK  [0m] Set up automount Arbitrary Executabâ€¦rmats File System Automount Point.
         Mounting Huge Pages File System...
         Starting Set the console keyboard layout...
         Starting Create list of required stâ€¦ce nodes for the current kernel...
[[0;32m  OK  [0m] Listening on udev Kernel Socket.
         Starting Remount Root and Kernel File Systems...
[   11.194239] Loading iSCSI transport class v2.0-870.
[[0;32m  OK  [0m] Created slice system-serial\x2dgetty.slice.
[[0;32m  OK  [0m] Listening on Syslog Socket.
[   11.202591] iscsi: registered transport (tcp)
[[0;32m  OK  [0m] Reached target Slices.
[[0;32m  OK  [0m] Listening on Journal Socket (/dev/log).
[   11.222967] iscsi: registered transport (iser)
         Starting Journal Service...
         Starting Monitoring of LVM2 mirrorsâ€¦ng dmeventd or progress polling...
[[0;32m  OK  [0m] Listening on udev Control Socket.
         Starting udev Coldplug all Devices...
[[0;32m  OK  [0m] Started Uncomplicated firewall.
[[0;32m  OK  [0m] Mounted POSIX Message Queue File System.
[[0;32m  OK  [0m] Mounted Kernel Debug File System.
[[0;32m  OK  [0m] Started Load Kernel Modules.
[[0;32m  OK  [0m] Mounted Huge Pages File System.
[[0;32m  OK  [0m] Started Create list of required staâ€¦vice nodes for the current kernel.
         Starting Create Static Device Nodes in /dev...
         Starting Apply Kernel Variables...
         Mounting FUSE Control File System...
         Mounting Kernel Configuration File System...
[[0;32m  OK  [0m] Mounted FUSE Control File System.
[[0;32m  OK  [0m] Mounted Kernel Configuration File System.
[   11.298209] EXT4-fs (sda1): re-mounted. Opts: (null)
[[0;32m  OK  [0m] Started Remount Root and Kernel File Systems.
[[0;32m  OK  [0m] Started LVM2 metadata daemon.
         Starting Load/Save Random Seed...
[[0;32m  OK  [0m] Started Journal Service.
[[0;32m  OK  [0m] Started Create Static Device Nodes in /dev.
[[0;32m  OK  [0m] Started udev Coldplug all Devices.
[[0;32m  OK  [0m] Started Apply Kernel Variables.
         Starting udev Kernel Device Manager...
         Starting Flush Journal to Persistent Storage...
[[0;32m  OK  [0m] Started Load/Save Random Seed.
[[0;32m  OK  [0m] Started Monitoring of LVM2 mirrors,â€¦sing dmeventd or progress polling.
[[0;32m  OK  [0m] Started udev Kernel Device Manager.
[[0;32m  OK  [0m] Started Flush Journal to Persistent Storage.
[[0;32m  OK  [0m] Found device /dev/ttyS0.
[[0;32m  OK  [0m] Listening on Load/Save RF Kill Switch Status /dev/rfkill Watch.
[[0;32m  OK  [0m] Started Set the console keyboard layout.
[[0;32m  OK  [0m] Started Dispatch Password Requests to Console Directory Watch.
[[0;32m  OK  [0m] Reached target Local Encrypted Volumes.
[[0;32m  OK  [0m] Reached target Local File Systems (Pre).
[[0;32m  OK  [0m] Reached target Local File Systems.
         Starting Commit a transient machine-id on disk...
         Starting Create Volatile Files and Directories...
         Starting Tell Plymouth To Write Out Runtime Data...
         Starting AppArmor initialization...
         Starting Set console font and keymap...
         Starting ebtables ruleset management...
[[0;32m  OK  [0m] Started Create Volatile Files and Directories.
[[0;32m  OK  [0m] Started Commit a transient machine-id on disk.
[[0;32m  OK  [0m] Started Tell Plymouth To Write Out Runtime Data.
[[0;32m  OK  [0m] Started Set console font and keymap.
         Starting Update UTMP about System Boot/Shutdown...
[[0;32m  OK  [0m] Started Update UTMP about System Boot/Shutdown.
[[0;32m  OK  [0m] Started ebtables ruleset management.
[[0;32m  OK  [0m] Started AppArmor initialization.
         Starting Initial cloud-init job (pre-networking)...
[   15.119579] cloud-init[748]: Cloud-init v. 19.4-33-gbb4131a2-0ubuntu1~18.04.1 running 'init-local' at Sat, 15 Feb 2020 11:40:00 +0000. Up 14.63 seconds.
[[0;32m  OK  [0m] Started Initial cloud-init job (pre-networking).
[[0;32m  OK  [0m] Reached target Network (Pre).
         Starting Network Service...
[[0;32m  OK  [0m] Started Network Service.
         Starting Network Name Resolution...
         Starting Wait for Network to be Configured...
[[0;32m  OK  [0m] Started Network Name Resolution.
[[0;32m  OK  [0m] Reached target Network.
[[0;32m  OK  [0m] Reached target Host and Network Name Lookups.
[[0;32m  OK  [0m] Started Wait for Network to be Configured.
         Starting Initial cloud-init job (metadata service crawler)...
[   17.598979] cloud-init[854]: Cloud-init v. 19.4-33-gbb4131a2-0ubuntu1~18.04.1 running 'init' at Sat, 15 Feb 2020 11:40:02 +0000. Up 17.41 seconds.
[   17.600387] cloud-init[854]: ci-info: ++++++++++++++++++++++++++++++++++++++Net device info+++++++++++++++++++++++++++++++++++++++
[   17.601737] cloud-init[854]: ci-info: +--------+-------+----------------------------+---------------+--------+-------------------+
[   17.612416] cloud-init[854]: ci-info: | Device |   Up  |          Address           |      Mask     | Scope  |     Hw-Address    |
[   17.614019] cloud-init[854]: ci-info: +--------+-------+----------------------------+---------------+--------+-------------------+
[   17.615338] cloud-init[854]: ci-info: | enp0s3 |  True |         10.0.2.15          | 255.255.255.0 | global | 02:b4:6b:8c:b8:1a |
[   17.616767] cloud-init[854]: ci-info: | enp0s3 |  True | fe80::b4:6bff:fe8c:b81a/64 |       .       |  link  | 02:b4:6b:8c:b8:1a |
[   17.618143] cloud-init[854]: ci-info: | enp0s8 | False |             .              |       .       |   .    | 08:00:27:e2:09:36 |
[   17.619534] cloud-init[854]: ci-info: |   lo   |  True |         127.0.0.1          |   255.0.0.0   |  host  |         .         |
[   17.621132] cloud-init[854]: ci-info: |   lo   |  True |          ::1/128           |       .       |  host  |         .         |
[   17.622807] cloud-init[854]: ci-info: +--------+-------+----------------------------+---------------+--------+-------------------+
[   17.632802] cloud-init[854]: ci-info: ++++++++++++++++++++++++++++Route IPv4 info+++++++++++++++++++++++++++++
[   17.644578] cloud-init[854]: ci-info: +-------+-------------+----------+-----------------+-----------+-------+
[   17.645738] cloud-init[854]: ci-info: | Route | Destination | Gateway  |     Genmask     | Interface | Flags |
[   17.660377] cloud-init[854]: ci-info: +-------+-------------+----------+-----------------+-----------+-------+
[   17.661446] cloud-init[854]: ci-info: |   0   |   0.0.0.0   | 10.0.2.2 |     0.0.0.0     |   enp0s3  |   UG  |
[   17.662550] cloud-init[854]: ci-info: |   1   |   10.0.2.0  | 0.0.0.0  |  255.255.255.0  |   enp0s3  |   U   |
[   17.663328] cloud-init[854]: ci-info: |   2   |   10.0.2.2  | 0.0.0.0  | 255.255.255.255 |   enp0s3  |   UH  |
[   17.676303] cloud-init[854]: ci-info: +-------+-------------+----------+-----------------+-----------+-------+
[   17.677609] cloud-init[854]: ci-info: +++++++++++++++++++Route IPv6 info+++++++++++++++++++
[   17.678798] cloud-init[854]: ci-info: +-------+-------------+---------+-----------+-------+
[   17.679887] cloud-init[854]: ci-info: | Route | Destination | Gateway | Interface | Flags |
[   17.692542] cloud-init[854]: ci-info: +-------+-------------+---------+-----------+-------+
[   17.693781] cloud-init[854]: ci-info: |   1   |  fe80::/64  |    ::   |   enp0s3  |   U   |
[   17.708506] cloud-init[854]: ci-info: |   3   |    local    |    ::   |   enp0s3  |   U   |
[   17.724966] cloud-init[854]: ci-info: |   4   |   ff00::/8  |    ::   |   enp0s3  |   U   |
[   17.737032] cloud-init[854]: ci-info: +-------+-------------+---------+-----------+-------+
[   18.397650] cloud-init[854]: Generating public/private rsa key pair.
[   18.398760] cloud-init[854]: Your identification has been saved in /etc/ssh/ssh_host_rsa_key.
[   18.412141] cloud-init[854]: Your public key has been saved in /etc/ssh/ssh_host_rsa_key.pub.
[   18.424345] cloud-init[854]: The key fingerprint is:
[   18.437082] cloud-init[854]: SHA256:qZCrhWvNNk0Xh3/A04oRMKd8pP6z2XWAVxsnuwg8WMw root@ubuntu-bionic
[   18.448566] cloud-init[854]: The key's randomart image is:
[   18.449399] cloud-init[854]: +---[RSA 2048]----+
[[   18.460448] [0;32m  OK  [0mcloud-init] [854]: Started Initial cloud-init job (metadata service crawler).|      o.o        |

[   18.462237] cloud-init[854]: |     . *.o       |
[[0;32m  OK  [0m] Reached target Cloud-config availability.
[   18.462351] cloud-init[854]: |      + .+E.  + .|
[[0;32m  OK  [0m] Reached target System Initialization.
[   18.476244] cloud-init[854]: |     o .+==... * |
[[0;32m  OK  [0m] Started Daily Cleanup of Temporary Directories.
[   18.505396] cloud-init[854]: |    o . S*=+o o  |
[   18.507407] [cloud-init[0;32m  OK  [0m[854]: ] |   . o.oo o+.o . |Started Message of the Day.

[   18.509103] cloud-init[854]: |  .ooo..o  .o o  |
         Starting LXD - unix socket.
[   18.520454] cloud-init[854]: |  .+= .  = . .   |
[[0;32m  OK  [0m] Listening on Open-iSCSI iscsid Socket.
[   18.533203] cloud-init[854]: | .o. .  o .      |
[[0;32m  OK  [0m] Listening on D-Bus System Message Bus Socket.
[   18.534492] cloud-init[854]: +----[SHA256]-----+
[   18.536075] cloud-init[854]: Generating public/private dsa key pair.
         Starting Socket activation for snappy daemon.
[   18.537231] cloud-init[854]: Your identification has been saved in /etc/ssh/ssh_host_dsa_key.
[[0;32m  OK  [0m] [   18.548238] Started Discard unused blocks once a week.cloud-init[854]: 
Your public key has been saved in /etc/ssh/ssh_host_dsa_key.pub.
[[0;32m  OK  [0m] Listening on ACPID Listen Socket.
[   18.550104] cloud-init[854]: The key fingerprint is:
[   18.561651] [cloud-init[0;32m  OK  [0m[854]: ] SHA256:UCtMqJQouiq66dQZ0RSrbV7aXwc7gls4AtA/0KvnyEo root@ubuntu-bionicListening on UUID daemon activation socket.

[[0;32m  OK  [0m] Started Daily apt download activities.
[   18.563671] cloud-init[854]: The key's randomart image is:
[[0;32m  OK  [0m] Started Daily apt upgrade and clean activities.
[   18.576571] cloud-init[854]: +---[DSA 1024]----+
[[0;32m  OK  [0m] Reached target Timers.
[   18.588980] cloud-init[854]: | . . +o .        |
[   18.590190] cloud-init[854]: |o + =o.. .       |
[   18.590909] [cloud-init[0;32m  OK  [0m[854]: ] |oo = ++ .        |Started ACPI Events Check.

[[0;32m  OK  [0m] Reached target Paths.
[   18.591888] cloud-init[854]: |. o * .o         |
[[0;32m  OK  [0m] Reached target Network is Online.
[   18.608870] cloud-init[854]: | . + * .S  .     |
[   18.610625] cloud-init[854]: |. . B = o   o    |
         [   18.620668] Starting Availability of block devices...cloud-init
[854]: |.E + = = o + .   |
[[   18.633294] [0;32m  OK  [0mcloud-init] [854]: Reached target Remote File Systems (Pre).|=.. + . = o o    |

[   18.634396] cloud-init[854]: |B+.o . . .       |
[[0;32m  OK  [0m] Reached target Remote File Systems.
[   18.634534] cloud-init[854]: +----[SHA256]-----+
[[0;32m  OK  [0m] Listening on LXD - unix socket.
[   18.656712] cloud-init[854]: Generating public/private ecdsa key pair.
[   18.657779] [cloud-init[0;32m  OK  [0m[854]: ] Your identification has been saved in /etc/ssh/ssh_host_ecdsa_key.Listening on Socket activation for snappy daemon.

[[0;32m  OK  [0m] Started Availability of block devices.
[   18.672236] cloud-init[854]: Your public key has been saved in /etc/ssh/ssh_host_ecdsa_key.pub.
[[0;32m  OK  [0m] Reached target Sockets.
[[0;32m  OK  [0m] Reached target Basic System.
[   18.685760] cloud-init[854]: The key fingerprint is:
[   18.696346]          cloud-initStarting LSB: automatic crash report generation...[854]: 
SHA256:CVqHGi2RqtIRxvZS9dAtJzNMpG/1R02EJAqBNbOo2+U root@ubuntu-bionic
[[0;32m  OK  [0m] Started Regular background program processing daemon.
[   18.698681] cloud-init[854]: The key's randomart image is:
[   18.716435] [cloud-init[0;32m  OK  [0m[854]: ] +---[ECDSA 256]---+Started D-Bus System Message Bus.

[   18.718023] cloud-init[854]: | .  .ooBOo  ...oo|
[   18.718973] cloud-init[854]: |  = oo.*B=o. ..o |
[   18.732275] cloud-init[854]: | o =o B +*o   . .|
[   18.732914] cloud-init[854]: |  + .B + o . .   |
[   18.745473] cloud-init[854]: | o o+   S   . .  |
[   18.746098] cloud-init[854]: |o .  o +     .   |
[[0;32m  OK  [0m] Started irqbalance daemon.
[   18.756203] cloud-init[854]: |.   . . E        |
         Starting Virtualbox guest utils...
[   18.774764] cloud-init[854]: |                 |
         Starting Dispatcher daemon for systemd-networkd...
[   18.797784] cloud-init[854]: |                 |
[   18.801147] cloud-init[854]: [+----[SHA256]-----+[0;32m  OK  [0m
] Started Deferred execution scheduler.
[   18.801238] cloud-init[854]: Generating public/private ed25519 key pair.
[[0;32m  OK  [0m] Started FUSE filesystem for LXC.
[   18.813352] cloud-init[854]: Your identification has been saved in /etc/ssh/ssh_host_ed25519_key.
[   18.824305] cloud-init[854]:          Your public key has been saved in /etc/ssh/ssh_host_ed25519_key.pub.Starting LSB: Record successful boot for GRUB...

[   18.824406] cloud-init[854]: The key fingerprint is:
[   18.826807] cloud-init[854]: SHA256:FJF/rKtRoMmizFbO9GG6QkyyRIdU91XK6A7RiQdggpA root@ubuntu-bionic
[   18.828663] cloud-init[854]: The key's randomart image is:
         Starting Login Service...
[   18.832602] cloud-init[854]: +--[ED25519 256]--+
         Starting Pollinate to seed the pseudo random number generator...
[   18.844165] cloud-init[854]: |=+o+.o  o+..     |
[   18.845820]          Starting Permit User Sessions...
cloud-init[854]: |Eoo.. = *..      |
[   18.847439] cloud-init[854]: |. .  o *o+ .     |
[   18.848819] cloud-init[854]: |...  .++ .. o    |
[   18.849666]          Starting Snappy daemon...
cloud-init[854]: |.=  +.*.S .o     |
         Starting System Logging Service...
[   18.854574] cloud-init[854]: |.oo* =o. ..      |
         Starting Accounts Service...
[   18.868396] cloud-init[854]: | .= + ...  .     |
         Starting LXD - container startup/shutdown...
[   18.884391] cloud-init[854]: | ..  .   ..      |
[   18.886897] cloud-init[854]: |   ..   ..       |
[   18.887683] cloud-init[854]: +----[SHA256]-----+
[[0;32m  OK  [0m] Started Permit User Sessions.
         Starting Terminate Plymouth Boot Screen...
         Starting Hold until boot process finishes up...
[[0;32m  OK  [0m] Started Terminate Plymouth Boot Screen.
[[0;32m  OK  [0m] Started Hold until boot process finishes up.
[[0;32m  OK  [0m] Started Serial Getty on ttyS0.
         Starting Set console scheme...
[[0;32m  OK  [0m] Started System Logging Service.
[[0;32m  OK  [0m] Started Login Service.
[[0;32m  OK  [0m] Started Unattended Upgrades Shutdown.
[[0;32m  OK  [0m] Started Set console scheme.
[[0;32m  OK  [0m] Created slice system-getty.slice.
[[0;32m  OK  [0m] Started Getty on tty1.
[[0;32m  OK  [0m] Reached target Login Prompts.
[[0;32m  OK  [0m] Started LSB: automatic crash report generation.
[[0;32m  OK  [0m] Started LSB: Record successful boot for GRUB.
[[0;32m  OK  [0m] Started Virtualbox guest utils.
         Starting Authorization Manager...
[[0;32m  OK  [0m] Started Authorization Manager.
[[0;32m  OK  [0m] Started Accounts Service.
[[0;32m  OK  [0m] Started LXD - container startup/shutdown.
[[0;32m  OK  [0m] Started Dispatcher daemon for systemd-networkd.
[[0;32m  OK  [0m] Started Snappy daemon.
         Starting Wait until snapd is fully seeded...

Ubuntu 18.04.4 LTS ubuntu-bionic ttyS0

ubuntu-bionic login: [   28.721766] cloud-init[1639]: Cloud-init v. 19.4-33-gbb4131a2-0ubuntu1~18.04.1 running 'modules:config' at Sat, 15 Feb 2020 11:40:13 +0000. Up 28.31 seconds.
ci-info: no authorized SSH keys fingerprints found for user ubuntu.
<14>Feb 15 11:40:14 ec2: 
<14>Feb 15 11:40:14 ec2: #############################################################
<14>Feb 15 11:40:14 ec2: -----BEGIN SSH HOST KEY FINGERPRINTS-----
<14>Feb 15 11:40:14 ec2: 1024 SHA256:UCtMqJQouiq66dQZ0RSrbV7aXwc7gls4AtA/0KvnyEo root@ubuntu-bionic (DSA)
<14>Feb 15 11:40:14 ec2: 256 SHA256:CVqHGi2RqtIRxvZS9dAtJzNMpG/1R02EJAqBNbOo2+U root@ubuntu-bionic (ECDSA)
<14>Feb 15 11:40:14 ec2: 256 SHA256:FJF/rKtRoMmizFbO9GG6QkyyRIdU91XK6A7RiQdggpA root@ubuntu-bionic (ED25519)
<14>Feb 15 11:40:14 ec2: 2048 SHA256:qZCrhWvNNk0Xh3/A04oRMKd8pP6z2XWAVxsnuwg8WMw root@ubuntu-bionic (RSA)
<14>Feb 15 11:40:14 ec2: -----END SSH HOST KEY FINGERPRINTS-----
<14>Feb 15 11:40:14 ec2: #############################################################
-----BEGIN SSH HOST KEY KEYS-----
ecdsa-sha2-nistp256 AAAAE2VjZHNhLXNoYTItbmlzdHAyNTYAAAAIbmlzdHAyNTYAAABBBAjeY1LflVy2HayMFhCh9YqIOmlJwKkTEtL9bdJuaGXSU1vxLbq7L25sKtFNnKkL1EA9e65Ie6A5b963LqXw0z4= root@ubuntu-bionic
ssh-ed25519 AAAAC3NzaC1lZDI1NTE5AAAAILQx9drWcImdQJXhrywuJhzYjELfeTXbQdM2Hfsx8coA root@ubuntu-bionic
ssh-rsa AAAAB3NzaC1yc2EAAAADAQABAAABAQChY7Y7ILjO9zoGX0PiPqStFXmAopTdeMlsB81Kl5KXaURaf9fZtr8DHITWOtZ4dk+JvgZnXz/A4Rl3Ld895qSejM0v1gRLGx9AKxxiF7fy4uLWF+kxUAv68wZ2w+iHMUOubcbdX/ahzWfmwzVsUssnK4nWt27HQi5+csqdCjY/GltrGCkTJ6rMNqbCfc9MN7BWtOlRgrJkqzlRnkrNJmKbtXBdk1fdX9mL5oduN8PyGahnaMwbV0ZNHdIiuCkl76WaU+DfFHNBZBdDFQ6V5NUSMvg+SECzF3eZyESc+WdhXVhyCbzN/i4fKKvtALkmA9shfvft7A6Ss61wIzNMRJYH root@ubuntu-bionic
-----END SSH HOST KEY KEYS-----
[   29.426372] cloud-init[1799]: Cloud-init v. 19.4-33-gbb4131a2-0ubuntu1~18.04.1 running 'modules:final' at Sat, 15 Feb 2020 11:40:14 +0000. Up 29.26 seconds.
[   29.426499] cloud-init[1799]: ci-info: no authorized SSH keys fingerprints found for user ubuntu.
[   29.426712] cloud-init[1799]: Cloud-init v. 19.4-33-gbb4131a2-0ubuntu1~18.04.1 finished at Sat, 15 Feb 2020 11:40:14 +0000. Datasource DataSourceNoCloud [seed=/dev/sdb][dsmode=net].  Up 29.41 seconds
